2026-09-14 14:30:27,955 | EXP14 command=run; log=D:\Hendika\TA-KlasifikasiTransaksiKKredit-NeighborSampling-GraphSAGE\result\exp14\run.log
2026-09-14 14:30:27,957 | Cache miss: building local feature store at D:\Hendika\TA-KlasifikasiTransaksiKKredit-NeighborSampling-GraphSAGE\model\exp14\cache\contextual_0a748b0f6b767f90
2026-09-14 14:30:28,046 | Preprocess: auditing CSV D:\Hendika\TA-KlasifikasiTransaksiKKredit-NeighborSampling-GraphSAGE\dataset\credit_card_transactions-ibm_v2.csv
2026-09-14 14:31:08,979 | Preprocess: chronological sort and parquet export (24,386,900 transactions)
2026-09-14 14:35:08,048 | Preprocess: fitting encoder on 17,070,833 training transactions
2026-09-14 14:35:11,068 | Preprocess: sorting user histories
2026-09-14 14:41:36,921 | Preprocess: sorting merchant/channel histories
2026-09-14 14:43:13,221 | Preprocess: flushing feature arrays and validating cache
2026-09-14 14:45:09,671 | Preprocess complete: rows=24,386,900 features=220 elapsed=881.6s
2026-09-14 14:45:11,197 | Feature store: D:\Hendika\TA-KlasifikasiTransaksiKKredit-NeighborSampling-GraphSAGE\model\exp14\cache\contextual_0a748b0f6b767f90, rows=24,386,900, features=220, train=17070833, test=20728867
2026-09-14 14:45:11,320 | Run R0/uniform static_70_15_15 seed 42
2026-09-14 14:45:11,779 | EXP14 failed
Traceback (most recent call last):
  File "D:\Hendika\TA-KlasifikasiTransaksiKKredit-NeighborSampling-GraphSAGE\code\exp14_local_temporal\exp14\cli.py", line 66, in main
    return _execute(args, cfg)
           ^^^^^^^^^^^^^^^^^^^
  File "D:\Hendika\TA-KlasifikasiTransaksiKKredit-NeighborSampling-GraphSAGE\code\exp14_local_temporal\exp14\cli.py", line 152, in _execute
    result = run_fold(store,roles,variant,seed,result_root,
             ^^^^^^^^^^^^^^^^^^^^^^^^^^^^^^^^^^^^^^^^^^^^^^
  File "D:\Hendika\TA-KlasifikasiTransaksiKKredit-NeighborSampling-GraphSAGE\code\exp14_local_temporal\exp14\trainer.py", line 128, in run_fold
    raise RuntimeError(f'Run selesai memakai konfigurasi/source berbeda: {out}')
RuntimeError: Run selesai memakai konfigurasi/source berbeda: D:\Hendika\TA-KlasifikasiTransaksiKKredit-NeighborSampling-GraphSAGE\result\exp14\R0_uniform_static_70_15_15_seed42
2026-09-14 14:49:14,030 | EXP14 command=run; log=D:\Hendika\TA-KlasifikasiTransaksiKKredit-NeighborSampling-GraphSAGE\result\exp14\run.log
2026-09-14 14:49:14,056 | Cache hit: D:\Hendika\TA-KlasifikasiTransaksiKKredit-NeighborSampling-GraphSAGE\model\exp14\cache\contextual_0a748b0f6b767f90 (24,386,900 transactions)
2026-09-14 14:49:14,056 | Feature store: D:\Hendika\TA-KlasifikasiTransaksiKKredit-NeighborSampling-GraphSAGE\model\exp14\cache\contextual_0a748b0f6b767f90, rows=24,386,900, features=220, train=17070833, test=20728867
2026-09-14 14:49:14,162 | Run R0/topology static_70_15_15 seed 42
2026-09-14 14:49:14,219 | EXP14 failed
Traceback (most recent call last):
  File "D:\Hendika\TA-KlasifikasiTransaksiKKredit-NeighborSampling-GraphSAGE\code\exp14_local_temporal\exp14\cli.py", line 66, in main
    return _execute(args, cfg)
           ^^^^^^^^^^^^^^^^^^^
  File "D:\Hendika\TA-KlasifikasiTransaksiKKredit-NeighborSampling-GraphSAGE\code\exp14_local_temporal\exp14\cli.py", line 152, in _execute
    result = run_fold(store,roles,variant,seed,result_root,
             ^^^^^^^^^^^^^^^^^^^^^^^^^^^^^^^^^^^^^^^^^^^^^^
  File "D:\Hendika\TA-KlasifikasiTransaksiKKredit-NeighborSampling-GraphSAGE\code\exp14_local_temporal\exp14\trainer.py", line 128, in run_fold
    raise RuntimeError(f'Run selesai memakai konfigurasi/source berbeda: {out}')
RuntimeError: Run selesai memakai konfigurasi/source berbeda: D:\Hendika\TA-KlasifikasiTransaksiKKredit-NeighborSampling-GraphSAGE\result\exp14\R0_topology_static_70_15_15_seed42
2026-09-14 15:07:32,617 | EXP14 command=run; log=D:\Hendika\TA-KlasifikasiTransaksiKKredit-NeighborSampling-GraphSAGE\result\exp14\run.log
2026-09-14 15:07:32,641 | Cache hit: D:\Hendika\TA-KlasifikasiTransaksiKKredit-NeighborSampling-GraphSAGE\model\exp14\cache\contextual_0a748b0f6b767f90 (24,386,900 transactions)
2026-09-14 15:07:32,641 | Feature store: D:\Hendika\TA-KlasifikasiTransaksiKKredit-NeighborSampling-GraphSAGE\model\exp14\cache\contextual_0a748b0f6b767f90, rows=24,386,900, features=220, train=17070833, test=20728867
2026-09-14 15:07:32,747 | Run R0/importance static_70_15_15 seed 42
2026-09-14 15:07:32,868 | EXP14 failed
Traceback (most recent call last):
  File "D:\Hendika\TA-KlasifikasiTransaksiKKredit-NeighborSampling-GraphSAGE\code\exp14_local_temporal\exp14\cli.py", line 66, in main
    return _execute(args, cfg)
           ^^^^^^^^^^^^^^^^^^^
  File "D:\Hendika\TA-KlasifikasiTransaksiKKredit-NeighborSampling-GraphSAGE\code\exp14_local_temporal\exp14\cli.py", line 152, in _execute
    result = run_fold(store,roles,variant,seed,result_root,
             ^^^^^^^^^^^^^^^^^^^^^^^^^^^^^^^^^^^^^^^^^^^^^^
  File "D:\Hendika\TA-KlasifikasiTransaksiKKredit-NeighborSampling-GraphSAGE\code\exp14_local_temporal\exp14\trainer.py", line 128, in run_fold
    raise RuntimeError(f'Run selesai memakai konfigurasi/source berbeda: {out}')
RuntimeError: Run selesai memakai konfigurasi/source berbeda: D:\Hendika\TA-KlasifikasiTransaksiKKredit-NeighborSampling-GraphSAGE\result\exp14\R0_importance_static_70_15_15_seed42
2026-09-14 15:07:54,684 | EXP14 command=run; log=D:\Hendika\TA-KlasifikasiTransaksiKKredit-NeighborSampling-GraphSAGE\result\exp14\run.log
2026-09-14 15:07:54,707 | Cache hit: D:\Hendika\TA-KlasifikasiTransaksiKKredit-NeighborSampling-GraphSAGE\model\exp14\cache\contextual_0a748b0f6b767f90 (24,386,900 transactions)
2026-09-14 15:07:54,708 | Feature store: D:\Hendika\TA-KlasifikasiTransaksiKKredit-NeighborSampling-GraphSAGE\model\exp14\cache\contextual_0a748b0f6b767f90, rows=24,386,900, features=220, train=17070833, test=20728867
2026-09-14 15:07:54,810 | Run R0/importance static_70_15_15 seed 42
2026-09-14 15:07:54,852 | EXP14 failed
Traceback (most recent call last):
  File "D:\Hendika\TA-KlasifikasiTransaksiKKredit-NeighborSampling-GraphSAGE\code\exp14_local_temporal\exp14\cli.py", line 66, in main
    return _execute(args, cfg)
           ^^^^^^^^^^^^^^^^^^^
  File "D:\Hendika\TA-KlasifikasiTransaksiKKredit-NeighborSampling-GraphSAGE\code\exp14_local_temporal\exp14\cli.py", line 152, in _execute
    result = run_fold(store,roles,variant,seed,result_root,
             ^^^^^^^^^^^^^^^^^^^^^^^^^^^^^^^^^^^^^^^^^^^^^^
  File "D:\Hendika\TA-KlasifikasiTransaksiKKredit-NeighborSampling-GraphSAGE\code\exp14_local_temporal\exp14\trainer.py", line 128, in run_fold
    raise RuntimeError(f'Run selesai memakai konfigurasi/source berbeda: {out}')
RuntimeError: Run selesai memakai konfigurasi/source berbeda: D:\Hendika\TA-KlasifikasiTransaksiKKredit-NeighborSampling-GraphSAGE\result\exp14\R0_importance_static_70_15_15_seed42
2026-09-14 15:08:05,596 | EXP14 command=run; log=D:\Hendika\TA-KlasifikasiTransaksiKKredit-NeighborSampling-GraphSAGE\result\exp14\run.log
2026-09-14 15:08:05,620 | Cache hit: D:\Hendika\TA-KlasifikasiTransaksiKKredit-NeighborSampling-GraphSAGE\model\exp14\cache\contextual_0a748b0f6b767f90 (24,386,900 transactions)
2026-09-14 15:08:05,620 | Feature store: D:\Hendika\TA-KlasifikasiTransaksiKKredit-NeighborSampling-GraphSAGE\model\exp14\cache\contextual_0a748b0f6b767f90, rows=24,386,900, features=220, train=17070833, test=20728867
2026-09-14 15:08:05,725 | Run R0/topology static_70_15_15 seed 42
2026-09-14 15:08:05,768 | EXP14 failed
Traceback (most recent call last):
  File "D:\Hendika\TA-KlasifikasiTransaksiKKredit-NeighborSampling-GraphSAGE\code\exp14_local_temporal\exp14\cli.py", line 66, in main
    return _execute(args, cfg)
           ^^^^^^^^^^^^^^^^^^^
  File "D:\Hendika\TA-KlasifikasiTransaksiKKredit-NeighborSampling-GraphSAGE\code\exp14_local_temporal\exp14\cli.py", line 152, in _execute
    result = run_fold(store,roles,variant,seed,result_root,
             ^^^^^^^^^^^^^^^^^^^^^^^^^^^^^^^^^^^^^^^^^^^^^^
  File "D:\Hendika\TA-KlasifikasiTransaksiKKredit-NeighborSampling-GraphSAGE\code\exp14_local_temporal\exp14\trainer.py", line 128, in run_fold
    raise RuntimeError(f'Run selesai memakai konfigurasi/source berbeda: {out}')
RuntimeError: Run selesai memakai konfigurasi/source berbeda: D:\Hendika\TA-KlasifikasiTransaksiKKredit-NeighborSampling-GraphSAGE\result\exp14\R0_topology_static_70_15_15_seed42
2026-09-14 15:08:52,641 | EXP14 command=run; log=D:\Hendika\TA-KlasifikasiTransaksiKKredit-NeighborSampling-GraphSAGE\result\exp14\run.log
2026-09-14 15:08:52,665 | Cache hit: D:\Hendika\TA-KlasifikasiTransaksiKKredit-NeighborSampling-GraphSAGE\model\exp14\cache\contextual_0a748b0f6b767f90 (24,386,900 transactions)
2026-09-14 15:08:52,665 | Feature store: D:\Hendika\TA-KlasifikasiTransaksiKKredit-NeighborSampling-GraphSAGE\model\exp14\cache\contextual_0a748b0f6b767f90, rows=24,386,900, features=220, train=17070833, test=20728867
2026-09-14 15:08:52,771 | Run R0/uniform static_70_15_15 seed 42
2026-09-14 15:08:52,944 | Runtime: {'python': '3.12.6', 'platform': 'Windows-11-10.0.26200-SP0', 'torch': '2.14.0+cu130', 'torch_geometric': '2.8.0.post1', 'numpy': '2.5.3', 'device': 'cuda', 'cpu_threads': 4, 'pandas': '2.3.3', 'scikit_learn': '1.9.1', 'pyyaml': '6.0.3', 'float32_matmul_precision': 'highest', 'cuda': '13.0', 'gpu': 'NVIDIA GeForce RTX 5060 Ti', 'gpu_memory_gb': 15.92828369140625, 'determinism': 'fixed_seeds_and_evaluation_tables; CUDA scatter reductions may not be bitwise deterministic'}
2026-09-14 15:08:55,882 | selection: rows=451,857 fraud=210
2026-09-14 15:08:55,885 | calibration: rows=462,653 fraud=169
2026-09-14 15:08:55,886 | Graph CSR: building user/merchant indices for 24,386,900 transactions
2026-09-14 15:09:03,103 | Training R0/uniform seed=42; roots/epoch=647,466; batch=512; min_epochs=20; patience=20; population_pos_weight=816.334; sampled_pos_weight=30.000
2026-09-14 15:09:03,199 | Sampling: refreshing uniform table (seed=4200001, cutoff=17070833)
2026-09-14 15:09:21,500 | Sampling: refreshing uniform table (seed=14200, cutoff=17070833)
2026-09-14 15:09:28,414 | Epoch 1/100 | loss=0.23261 selection_AP=0.043882 best=0.043882@1 stale=0/20 lr=0.001 train=18.4s (35199 txn/s) val=6.7s RSS=6.40 GiB | checkpoint saved
2026-09-14 15:09:28,516 | Sampling: refreshing uniform table (seed=4200002, cutoff=17070833)
2026-09-14 15:09:42,512 | Epoch 2/100 | loss=0.18246 selection_AP=0.074621 best=0.074621@2 stale=0/20 lr=0.001 train=12.4s (52194 txn/s) val=1.6s RSS=8.42 GiB | checkpoint saved
2026-09-14 15:09:42,579 | Sampling: refreshing uniform table (seed=4200003, cutoff=17070833)
2026-09-14 15:09:55,938 | Epoch 3/100 | loss=0.17164 selection_AP=0.057543 best=0.074621@2 stale=1/20 lr=0.001 train=11.8s (55103 txn/s) val=1.6s RSS=9.03 GiB
2026-09-14 15:09:56,007 | Sampling: refreshing uniform table (seed=4200004, cutoff=17070833)
2026-09-14 15:10:09,314 | Epoch 4/100 | loss=0.16417 selection_AP=0.062822 best=0.074621@2 stale=2/20 lr=0.001 train=11.7s (55368 txn/s) val=1.6s RSS=9.39 GiB
2026-09-14 15:10:09,382 | Sampling: refreshing uniform table (seed=4200005, cutoff=17070833)
2026-09-14 15:10:22,614 | Epoch 5/100 | loss=0.15992 selection_AP=0.063998 best=0.074621@2 stale=3/20 lr=0.001 train=11.6s (55707 txn/s) val=1.6s RSS=9.60 GiB
2026-09-14 15:10:22,684 | Sampling: refreshing uniform table (seed=4200006, cutoff=17070833)
2026-09-14 15:10:35,878 | Epoch 6/100 | loss=0.15566 selection_AP=0.072486 best=0.074621@2 stale=4/20 lr=0.001 train=11.6s (55896 txn/s) val=1.6s RSS=9.73 GiB
2026-09-14 15:10:35,945 | Sampling: refreshing uniform table (seed=4200007, cutoff=17070833)
2026-09-14 15:10:50,005 | Epoch 7/100 | loss=0.15333 selection_AP=0.128871 best=0.128871@7 stale=0/20 lr=0.001 train=12.5s (51983 txn/s) val=1.6s RSS=9.81 GiB | checkpoint saved
2026-09-14 15:10:50,074 | Sampling: refreshing uniform table (seed=4200008, cutoff=17070833)
2026-09-14 15:11:03,366 | Epoch 8/100 | loss=0.15050 selection_AP=0.108031 best=0.128871@7 stale=1/20 lr=0.001 train=11.7s (55433 txn/s) val=1.6s RSS=9.86 GiB
2026-09-14 15:11:03,433 | Sampling: refreshing uniform table (seed=4200009, cutoff=17070833)
2026-09-14 15:11:16,570 | Epoch 9/100 | loss=0.14723 selection_AP=0.061987 best=0.128871@7 stale=2/20 lr=0.001 train=11.5s (56144 txn/s) val=1.6s RSS=9.89 GiB
2026-09-14 15:11:16,639 | Sampling: refreshing uniform table (seed=4200010, cutoff=17070833)
2026-09-14 15:11:29,829 | Epoch 10/100 | loss=0.14622 selection_AP=0.073008 best=0.128871@7 stale=3/20 lr=0.001 train=11.6s (55914 txn/s) val=1.6s RSS=9.91 GiB
2026-09-14 15:11:29,897 | Sampling: refreshing uniform table (seed=4200011, cutoff=17070833)
2026-09-14 15:11:42,999 | Epoch 11/100 | loss=0.14472 selection_AP=0.073565 best=0.128871@7 stale=4/20 lr=0.001 train=11.5s (56323 txn/s) val=1.6s RSS=9.92 GiB
2026-09-14 15:11:43,068 | Sampling: refreshing uniform table (seed=4200012, cutoff=17070833)
2026-09-14 15:11:57,471 | Epoch 12/100 | loss=0.14320 selection_AP=0.110202 best=0.128871@7 stale=5/20 lr=0.001 train=12.8s (50648 txn/s) val=1.6s RSS=9.93 GiB
2026-09-14 15:11:57,538 | Sampling: refreshing uniform table (seed=4200013, cutoff=17070833)
2026-09-14 15:12:10,826 | Epoch 13/100 | loss=0.14252 selection_AP=0.051550 best=0.128871@7 stale=6/20 lr=0.0005 train=11.7s (55452 txn/s) val=1.6s RSS=9.93 GiB
2026-09-14 15:12:10,895 | Sampling: refreshing uniform table (seed=4200014, cutoff=17070833)
2026-09-14 15:12:24,016 | Epoch 14/100 | loss=0.12863 selection_AP=0.120525 best=0.128871@7 stale=7/20 lr=0.0005 train=11.5s (56223 txn/s) val=1.6s RSS=9.94 GiB
2026-09-14 15:12:24,084 | Sampling: refreshing uniform table (seed=4200015, cutoff=17070833)
2026-09-14 15:12:37,194 | Epoch 15/100 | loss=0.12498 selection_AP=0.062186 best=0.128871@7 stale=8/20 lr=0.0005 train=11.5s (56299 txn/s) val=1.6s RSS=9.94 GiB
2026-09-14 15:12:37,266 | Sampling: refreshing uniform table (seed=4200016, cutoff=17070833)
2026-09-14 15:12:50,571 | Epoch 16/100 | loss=0.12486 selection_AP=0.106690 best=0.128871@7 stale=9/20 lr=0.0005 train=11.7s (55311 txn/s) val=1.6s RSS=9.94 GiB
2026-09-14 15:12:50,638 | Sampling: refreshing uniform table (seed=4200017, cutoff=17070833)
2026-09-14 15:13:05,181 | Epoch 17/100 | loss=0.12131 selection_AP=0.089287 best=0.128871@7 stale=10/20 lr=0.0005 train=12.9s (50077 txn/s) val=1.6s RSS=9.94 GiB
2026-09-14 15:13:05,252 | Sampling: refreshing uniform table (seed=4200018, cutoff=17070833)
2026-09-14 15:13:19,334 | Epoch 18/100 | loss=0.12127 selection_AP=0.087211 best=0.128871@7 stale=11/20 lr=0.0005 train=12.5s (51869 txn/s) val=1.6s RSS=9.94 GiB
2026-09-14 15:13:19,401 | Sampling: refreshing uniform table (seed=4200019, cutoff=17070833)
2026-09-14 15:13:33,599 | Epoch 19/100 | loss=0.11966 selection_AP=0.069684 best=0.128871@7 stale=12/20 lr=0.00025 train=12.6s (51443 txn/s) val=1.6s RSS=9.94 GiB
2026-09-14 15:13:33,670 | Sampling: refreshing uniform table (seed=4200020, cutoff=17070833)
2026-09-14 15:13:47,935 | Epoch 20/100 | loss=0.11243 selection_AP=0.093575 best=0.128871@7 stale=13/20 lr=0.00025 train=12.7s (51119 txn/s) val=1.6s RSS=9.94 GiB
2026-09-14 15:13:48,003 | Sampling: refreshing uniform table (seed=4200021, cutoff=17070833)
2026-09-14 15:14:01,644 | Epoch 21/100 | loss=0.10918 selection_AP=0.092463 best=0.128871@7 stale=14/20 lr=0.00025 train=12.0s (53839 txn/s) val=1.6s RSS=9.94 GiB
2026-09-14 15:14:01,712 | Sampling: refreshing uniform table (seed=4200022, cutoff=17070833)
2026-09-14 15:14:16,110 | Epoch 22/100 | loss=0.10909 selection_AP=0.095876 best=0.128871@7 stale=15/20 lr=0.00025 train=12.8s (50594 txn/s) val=1.6s RSS=9.94 GiB
2026-09-14 15:14:16,181 | Sampling: refreshing uniform table (seed=4200023, cutoff=17070833)
2026-09-14 15:14:29,733 | Epoch 23/100 | loss=0.10751 selection_AP=0.083721 best=0.128871@7 stale=16/20 lr=0.00025 train=11.9s (54244 txn/s) val=1.6s RSS=9.94 GiB
2026-09-14 15:14:29,800 | Sampling: refreshing uniform table (seed=4200024, cutoff=17070833)
2026-09-14 15:14:43,120 | Epoch 24/100 | loss=0.10549 selection_AP=0.119689 best=0.128871@7 stale=17/20 lr=0.00025 train=11.7s (55252 txn/s) val=1.6s RSS=9.94 GiB
2026-09-14 15:14:43,189 | Sampling: refreshing uniform table (seed=4200025, cutoff=17070833)
2026-09-14 15:14:56,444 | Epoch 25/100 | loss=0.10530 selection_AP=0.116456 best=0.128871@7 stale=18/20 lr=0.00013 train=11.6s (55581 txn/s) val=1.6s RSS=9.94 GiB
2026-09-14 15:14:56,510 | Sampling: refreshing uniform table (seed=4200026, cutoff=17070833)
2026-09-14 15:15:09,717 | Epoch 26/100 | loss=0.10139 selection_AP=0.111228 best=0.128871@7 stale=19/20 lr=0.00013 train=11.6s (55803 txn/s) val=1.6s RSS=9.94 GiB
2026-09-14 15:15:09,786 | Sampling: refreshing uniform table (seed=4200027, cutoff=17070833)
2026-09-14 15:15:24,849 | Epoch 27/100 | loss=0.09963 selection_AP=0.104055 best=0.128871@7 stale=20/20 lr=0.00013 train=13.5s (48120 txn/s) val=1.6s RSS=9.94 GiB
2026-09-14 15:15:24,850 | EARLY STOPPING: epoch=27 stale=20/20 best=0.128871@7
2026-09-14 15:15:24,867 | Training finished: early_stopping; best checkpoint epoch=7 AP=0.128871
2026-09-14 15:15:28,336 | Calibration complete: policy=fpr_0_001 threshold=0.98665696
2026-09-14 15:15:30,017 | Assessment: 3,658,033 transactions; checkpoint and threshold locked
2026-09-14 15:16:08,477 | Assessment: AP=0.1871015049555408 precision=0.25862068965517243 recall=0.2593174674449933 F1=0.2589686098654709 TP=1155 FP=3311 FN=3299 TN=3650268
2026-09-14 15:16:08,479 | Complete: D:\Hendika\TA-KlasifikasiTransaksiKKredit-NeighborSampling-GraphSAGE\result\exp14\R0_uniform_static_70_15_15_seed42; elapsed=435.7s; RSS=11.81 GiB; peak VRAM=0.0981903076171875 GiB
2026-09-14 15:16:08,537 | Complete: AP selection=0.128871; output=D:\Hendika\TA-KlasifikasiTransaksiKKredit-NeighborSampling-GraphSAGE\result\exp14
2026-09-14 15:16:08,640 | Summary updated: D:\Hendika\TA-KlasifikasiTransaksiKKredit-NeighborSampling-GraphSAGE\result\exp14\summary.json
2026-09-14 15:17:18,672 | EXP14 command=run; log=D:\Hendika\TA-KlasifikasiTransaksiKKredit-NeighborSampling-GraphSAGE\result\exp14\run.log
2026-09-14 15:17:18,695 | Cache hit: D:\Hendika\TA-KlasifikasiTransaksiKKredit-NeighborSampling-GraphSAGE\model\exp14\cache\contextual_0a748b0f6b767f90 (24,386,900 transactions)
2026-09-14 15:17:18,695 | Feature store: D:\Hendika\TA-KlasifikasiTransaksiKKredit-NeighborSampling-GraphSAGE\model\exp14\cache\contextual_0a748b0f6b767f90, rows=24,386,900, features=220, train=17070833, test=20728867
2026-09-14 15:17:18,799 | Run R0/topology static_70_15_15 seed 42
2026-09-14 15:17:18,867 | Runtime: {'python': '3.12.6', 'platform': 'Windows-11-10.0.26200-SP0', 'torch': '2.14.0+cu130', 'torch_geometric': '2.8.0.post1', 'numpy': '2.5.3', 'device': 'cuda', 'cpu_threads': 4, 'pandas': '2.3.3', 'scikit_learn': '1.9.1', 'pyyaml': '6.0.3', 'float32_matmul_precision': 'highest', 'cuda': '13.0', 'gpu': 'NVIDIA GeForce RTX 5060 Ti', 'gpu_memory_gb': 15.92828369140625, 'determinism': 'fixed_seeds_and_evaluation_tables; CUDA scatter reductions may not be bitwise deterministic'}
2026-09-14 15:17:21,603 | selection: rows=451,857 fraud=210
2026-09-14 15:17:21,607 | calibration: rows=462,653 fraud=169
2026-09-14 15:17:21,607 | Graph CSR: reusing local entity index
2026-09-14 15:17:21,608 | Sampling: building frozen topology weight context
2026-09-14 15:17:25,028 | Weight context ready in 3.4s
2026-09-14 15:17:25,200 | Training R0/topology seed=42; roots/epoch=647,466; batch=512; min_epochs=20; patience=20; population_pos_weight=816.334; sampled_pos_weight=30.000
2026-09-14 15:17:25,271 | Sampling: refreshing topology table (seed=4200001, cutoff=17070833)
2026-09-14 15:17:42,255 | Sampling: refreshing topology table (seed=14200, cutoff=17070833)
2026-09-14 15:17:52,938 | Epoch 1/100 | loss=0.22993 selection_AP=0.039676 best=0.039676@1 stale=0/20 lr=0.001 train=17.1s (37968 txn/s) val=10.6s RSS=6.41 GiB | checkpoint saved
2026-09-14 15:17:53,046 | Sampling: refreshing topology table (seed=4200002, cutoff=17070833)
2026-09-14 15:18:10,085 | Epoch 2/100 | loss=0.17965 selection_AP=0.071463 best=0.071463@2 stale=0/20 lr=0.001 train=15.4s (41907 txn/s) val=1.6s RSS=8.45 GiB | checkpoint saved
2026-09-14 15:18:10,161 | Sampling: refreshing topology table (seed=4200003, cutoff=17070833)
2026-09-14 15:18:27,139 | Epoch 3/100 | loss=0.16944 selection_AP=0.075343 best=0.075343@3 stale=0/20 lr=0.001 train=15.4s (42126 txn/s) val=1.6s RSS=9.06 GiB | checkpoint saved
2026-09-14 15:18:27,204 | Sampling: refreshing topology table (seed=4200004, cutoff=17070833)
2026-09-14 15:18:44,190 | Epoch 4/100 | loss=0.15966 selection_AP=0.085075 best=0.085075@4 stale=0/20 lr=0.001 train=15.4s (42141 txn/s) val=1.6s RSS=9.42 GiB | checkpoint saved
2026-09-14 15:18:44,266 | Sampling: refreshing topology table (seed=4200005, cutoff=17070833)
2026-09-14 15:19:02,430 | Epoch 5/100 | loss=0.15588 selection_AP=0.073947 best=0.085075@4 stale=1/20 lr=0.001 train=16.6s (39086 txn/s) val=1.6s RSS=9.64 GiB
2026-09-14 15:19:02,496 | Sampling: refreshing topology table (seed=4200006, cutoff=17070833)
2026-09-14 15:19:19,209 | Epoch 6/100 | loss=0.15414 selection_AP=0.058190 best=0.085075@4 stale=2/20 lr=0.001 train=15.1s (42862 txn/s) val=1.6s RSS=9.77 GiB
2026-09-14 15:19:19,276 | Sampling: refreshing topology table (seed=4200007, cutoff=17070833)
2026-09-14 15:19:35,667 | Epoch 7/100 | loss=0.14953 selection_AP=0.095649 best=0.095649@7 stale=0/20 lr=0.001 train=14.8s (43780 txn/s) val=1.6s RSS=9.84 GiB | checkpoint saved
2026-09-14 15:19:35,767 | Sampling: refreshing topology table (seed=4200008, cutoff=17070833)
2026-09-14 15:19:52,132 | Epoch 8/100 | loss=0.14766 selection_AP=0.097060 best=0.097060@8 stale=0/20 lr=0.001 train=14.8s (43785 txn/s) val=1.6s RSS=9.89 GiB | checkpoint saved
2026-09-14 15:19:52,199 | Sampling: refreshing topology table (seed=4200009, cutoff=17070833)
2026-09-14 15:20:10,301 | Epoch 9/100 | loss=0.14332 selection_AP=0.073892 best=0.097060@8 stale=1/20 lr=0.001 train=16.5s (39235 txn/s) val=1.6s RSS=9.92 GiB
2026-09-14 15:20:10,369 | Sampling: refreshing topology table (seed=4200010, cutoff=17070833)
2026-09-14 15:20:26,865 | Epoch 10/100 | loss=0.14407 selection_AP=0.072852 best=0.097060@8 stale=2/20 lr=0.001 train=14.9s (43483 txn/s) val=1.6s RSS=9.94 GiB
2026-09-14 15:20:26,932 | Sampling: refreshing topology table (seed=4200011, cutoff=17070833)
2026-09-14 15:20:43,271 | Epoch 11/100 | loss=0.14312 selection_AP=0.076437 best=0.097060@8 stale=3/20 lr=0.001 train=14.7s (43938 txn/s) val=1.6s RSS=9.96 GiB
2026-09-14 15:20:43,338 | Sampling: refreshing topology table (seed=4200012, cutoff=17070833)
2026-09-14 15:20:59,706 | Epoch 12/100 | loss=0.13959 selection_AP=0.095671 best=0.097060@8 stale=4/20 lr=0.001 train=14.8s (43861 txn/s) val=1.6s RSS=9.96 GiB
2026-09-14 15:20:59,773 | Sampling: refreshing topology table (seed=4200013, cutoff=17070833)
2026-09-14 15:21:17,792 | Epoch 13/100 | loss=0.13827 selection_AP=0.059684 best=0.097060@8 stale=5/20 lr=0.001 train=16.4s (39481 txn/s) val=1.6s RSS=9.97 GiB
2026-09-14 15:21:17,858 | Sampling: refreshing topology table (seed=4200014, cutoff=17070833)
2026-09-14 15:21:34,224 | Epoch 14/100 | loss=0.13802 selection_AP=0.121233 best=0.121233@14 stale=0/20 lr=0.001 train=14.8s (43880 txn/s) val=1.6s RSS=9.97 GiB | checkpoint saved
2026-09-14 15:21:34,303 | Sampling: refreshing topology table (seed=4200015, cutoff=17070833)
2026-09-14 15:21:50,639 | Epoch 15/100 | loss=0.13197 selection_AP=0.080339 best=0.121233@14 stale=1/20 lr=0.001 train=14.7s (43928 txn/s) val=1.6s RSS=9.97 GiB
2026-09-14 15:21:50,707 | Sampling: refreshing topology table (seed=4200016, cutoff=17070833)
2026-09-14 15:22:06,977 | Epoch 16/100 | loss=0.13328 selection_AP=0.118189 best=0.121233@14 stale=2/20 lr=0.001 train=14.7s (44159 txn/s) val=1.6s RSS=9.98 GiB
2026-09-14 15:22:07,043 | Sampling: refreshing topology table (seed=4200017, cutoff=17070833)
2026-09-14 15:22:25,069 | Epoch 17/100 | loss=0.13125 selection_AP=0.073611 best=0.121233@14 stale=3/20 lr=0.001 train=16.4s (39439 txn/s) val=1.6s RSS=9.98 GiB
2026-09-14 15:22:25,137 | Sampling: refreshing topology table (seed=4200018, cutoff=17070833)
2026-09-14 15:22:42,413 | Epoch 18/100 | loss=0.13092 selection_AP=0.055312 best=0.121233@14 stale=4/20 lr=0.001 train=15.7s (41326 txn/s) val=1.6s RSS=9.98 GiB
2026-09-14 15:22:42,480 | Sampling: refreshing topology table (seed=4200019, cutoff=17070833)
2026-09-14 15:22:59,879 | Epoch 19/100 | loss=0.12746 selection_AP=0.084220 best=0.121233@14 stale=5/20 lr=0.001 train=15.8s (40984 txn/s) val=1.6s RSS=9.98 GiB
2026-09-14 15:22:59,946 | Sampling: refreshing topology table (seed=4200020, cutoff=17070833)
2026-09-14 15:23:17,348 | Epoch 20/100 | loss=0.12828 selection_AP=0.098666 best=0.121233@14 stale=6/20 lr=0.0005 train=15.8s (41023 txn/s) val=1.6s RSS=9.98 GiB
2026-09-14 15:23:17,415 | Sampling: refreshing topology table (seed=4200021, cutoff=17070833)
2026-09-14 15:23:34,871 | Epoch 21/100 | loss=0.12005 selection_AP=0.079482 best=0.121233@14 stale=7/20 lr=0.0005 train=15.9s (40840 txn/s) val=1.6s RSS=9.98 GiB
2026-09-14 15:23:34,938 | Sampling: refreshing topology table (seed=4200022, cutoff=17070833)
2026-09-14 15:23:51,686 | Epoch 22/100 | loss=0.11524 selection_AP=0.101295 best=0.121233@14 stale=8/20 lr=0.0005 train=15.1s (42770 txn/s) val=1.6s RSS=9.98 GiB
2026-09-14 15:23:51,753 | Sampling: refreshing topology table (seed=4200023, cutoff=17070833)
2026-09-14 15:24:08,454 | Epoch 23/100 | loss=0.11421 selection_AP=0.072698 best=0.121233@14 stale=9/20 lr=0.0005 train=15.1s (42887 txn/s) val=1.6s RSS=9.98 GiB
2026-09-14 15:24:08,522 | Sampling: refreshing topology table (seed=4200024, cutoff=17070833)
2026-09-14 15:24:24,974 | Epoch 24/100 | loss=0.11209 selection_AP=0.092361 best=0.121233@14 stale=10/20 lr=0.0005 train=14.8s (43653 txn/s) val=1.6s RSS=9.98 GiB
2026-09-14 15:24:25,042 | Sampling: refreshing topology table (seed=4200025, cutoff=17070833)
2026-09-14 15:24:43,387 | Epoch 25/100 | loss=0.11345 selection_AP=0.093698 best=0.121233@14 stale=11/20 lr=0.0005 train=16.7s (38707 txn/s) val=1.6s RSS=9.98 GiB
2026-09-14 15:24:43,454 | Sampling: refreshing topology table (seed=4200026, cutoff=17070833)
2026-09-14 15:25:00,037 | Epoch 26/100 | loss=0.11119 selection_AP=0.093145 best=0.121233@14 stale=12/20 lr=0.00025 train=15.0s (43246 txn/s) val=1.6s RSS=9.98 GiB
2026-09-14 15:25:00,104 | Sampling: refreshing topology table (seed=4200027, cutoff=17070833)
2026-09-14 15:25:16,610 | Epoch 27/100 | loss=0.10485 selection_AP=0.089010 best=0.121233@14 stale=13/20 lr=0.00025 train=14.9s (43477 txn/s) val=1.6s RSS=9.98 GiB
2026-09-14 15:25:16,677 | Sampling: refreshing topology table (seed=4200028, cutoff=17070833)
2026-09-14 15:25:33,198 | Epoch 28/100 | loss=0.10117 selection_AP=0.094605 best=0.121233@14 stale=14/20 lr=0.00025 train=14.9s (43434 txn/s) val=1.6s RSS=9.98 GiB
2026-09-14 15:25:33,266 | Sampling: refreshing topology table (seed=4200029, cutoff=17070833)
2026-09-14 15:25:51,395 | Epoch 29/100 | loss=0.10243 selection_AP=0.119646 best=0.121233@14 stale=15/20 lr=0.00025 train=16.5s (39244 txn/s) val=1.6s RSS=9.98 GiB
2026-09-14 15:25:51,462 | Sampling: refreshing topology table (seed=4200030, cutoff=17070833)
2026-09-14 15:26:07,936 | Epoch 30/100 | loss=0.09741 selection_AP=0.105758 best=0.121233@14 stale=16/20 lr=0.00025 train=14.9s (43558 txn/s) val=1.6s RSS=9.98 GiB
2026-09-14 15:26:08,004 | Sampling: refreshing topology table (seed=4200031, cutoff=17070833)
2026-09-14 15:26:24,417 | Epoch 31/100 | loss=0.09916 selection_AP=0.117064 best=0.121233@14 stale=17/20 lr=0.00025 train=14.8s (43718 txn/s) val=1.6s RSS=9.98 GiB
2026-09-14 15:26:24,484 | Sampling: refreshing topology table (seed=4200032, cutoff=17070833)
2026-09-14 15:26:40,916 | Epoch 32/100 | loss=0.09746 selection_AP=0.104414 best=0.121233@14 stale=18/20 lr=0.00013 train=14.8s (43671 txn/s) val=1.6s RSS=9.98 GiB
2026-09-14 15:26:40,983 | Sampling: refreshing topology table (seed=4200033, cutoff=17070833)
2026-09-14 15:26:59,140 | Epoch 33/100 | loss=0.09361 selection_AP=0.114260 best=0.121233@14 stale=19/20 lr=0.00013 train=16.5s (39140 txn/s) val=1.6s RSS=9.98 GiB
2026-09-14 15:26:59,212 | Sampling: refreshing topology table (seed=4200034, cutoff=17070833)
2026-09-14 15:27:15,717 | Epoch 34/100 | loss=0.09067 selection_AP=0.119643 best=0.121233@14 stale=20/20 lr=0.00013 train=14.9s (43455 txn/s) val=1.6s RSS=9.98 GiB
2026-09-14 15:27:15,717 | EARLY STOPPING: epoch=34 stale=20/20 best=0.121233@14
2026-09-14 15:27:15,719 | Training finished: early_stopping; best checkpoint epoch=14 AP=0.121233
2026-09-14 15:27:19,168 | Calibration complete: policy=fpr_0_001 threshold=0.96295321
2026-09-14 15:27:20,666 | Assessment: 3,658,033 transactions; checkpoint and threshold locked
2026-09-14 15:27:59,167 | Assessment: AP=0.15793047750075884 precision=0.21881606765327696 recall=0.2323753929052537 F1=0.22539198606271776 TP=1035 FP=3695 FN=3419 TN=3649884
2026-09-14 15:27:59,171 | Complete: D:\Hendika\TA-KlasifikasiTransaksiKKredit-NeighborSampling-GraphSAGE\result\exp14\R0_topology_static_70_15_15_seed42; elapsed=640.3s; RSS=11.87 GiB; peak VRAM=0.0981903076171875 GiB
2026-09-14 15:27:59,210 | Complete: AP selection=0.121233; output=D:\Hendika\TA-KlasifikasiTransaksiKKredit-NeighborSampling-GraphSAGE\result\exp14
2026-09-14 15:27:59,232 | Summary updated: D:\Hendika\TA-KlasifikasiTransaksiKKredit-NeighborSampling-GraphSAGE\result\exp14\summary.json
2026-09-14 15:32:48,936 | EXP14 command=run; log=D:\Hendika\TA-KlasifikasiTransaksiKKredit-NeighborSampling-GraphSAGE\result\exp14\run.log
2026-09-14 15:32:48,960 | Cache hit: D:\Hendika\TA-KlasifikasiTransaksiKKredit-NeighborSampling-GraphSAGE\model\exp14\cache\contextual_0a748b0f6b767f90 (24,386,900 transactions)
2026-09-14 15:32:48,960 | Feature store: D:\Hendika\TA-KlasifikasiTransaksiKKredit-NeighborSampling-GraphSAGE\model\exp14\cache\contextual_0a748b0f6b767f90, rows=24,386,900, features=220, train=17070833, test=20728867
2026-09-14 15:32:49,063 | Run R0/importance static_70_15_15 seed 42
2026-09-14 15:32:49,130 | Runtime: {'python': '3.12.6', 'platform': 'Windows-11-10.0.26200-SP0', 'torch': '2.14.0+cu130', 'torch_geometric': '2.8.0.post1', 'numpy': '2.5.3', 'device': 'cuda', 'cpu_threads': 4, 'pandas': '2.3.3', 'scikit_learn': '1.9.1', 'pyyaml': '6.0.3', 'float32_matmul_precision': 'highest', 'cuda': '13.0', 'gpu': 'NVIDIA GeForce RTX 5060 Ti', 'gpu_memory_gb': 15.92828369140625, 'determinism': 'fixed_seeds_and_evaluation_tables; CUDA scatter reductions may not be bitwise deterministic'}
2026-09-14 15:32:51,899 | selection: rows=451,857 fraud=210
2026-09-14 15:32:51,902 | calibration: rows=462,653 fraud=169
2026-09-14 15:32:51,902 | Graph CSR: reusing local entity index
2026-09-14 15:32:51,904 | Sampling: building frozen importance weight context
2026-09-14 15:32:55,348 | Weight context ready in 3.4s
2026-09-14 15:32:55,514 | Training R0/importance seed=42; roots/epoch=647,466; batch=512; min_epochs=20; patience=20; population_pos_weight=816.334; sampled_pos_weight=30.000
2026-09-14 15:32:55,583 | Sampling: refreshing importance table (seed=4200001, cutoff=17070833)
2026-09-14 15:33:11,082 | Sampling: refreshing importance table (seed=14200, cutoff=17070833)
2026-09-14 15:33:20,580 | Epoch 1/100 | loss=0.23312 selection_AP=0.032237 best=0.032237@1 stale=0/20 lr=0.001 train=15.6s (41598 txn/s) val=9.4s RSS=6.41 GiB | checkpoint saved
2026-09-14 15:33:20,663 | Sampling: refreshing importance table (seed=4200002, cutoff=17070833)
2026-09-14 15:33:36,532 | Epoch 2/100 | loss=0.18522 selection_AP=0.057835 best=0.057835@2 stale=0/20 lr=0.001 train=14.2s (45546 txn/s) val=1.7s RSS=8.46 GiB | checkpoint saved
2026-09-14 15:33:36,622 | Sampling: refreshing importance table (seed=4200003, cutoff=17070833)
2026-09-14 15:33:52,175 | Epoch 3/100 | loss=0.17392 selection_AP=0.068717 best=0.068717@3 stale=0/20 lr=0.001 train=14.0s (46390 txn/s) val=1.6s RSS=9.07 GiB | checkpoint saved
2026-09-14 15:33:52,242 | Sampling: refreshing importance table (seed=4200004, cutoff=17070833)
2026-09-14 15:34:07,379 | Epoch 4/100 | loss=0.16684 selection_AP=0.069793 best=0.069793@4 stale=0/20 lr=0.001 train=13.5s (47906 txn/s) val=1.6s RSS=9.43 GiB | checkpoint saved
2026-09-14 15:34:07,487 | Sampling: refreshing importance table (seed=4200005, cutoff=17070833)
2026-09-14 15:34:22,835 | Epoch 5/100 | loss=0.15941 selection_AP=0.083425 best=0.083425@5 stale=0/20 lr=0.001 train=13.8s (47087 txn/s) val=1.6s RSS=9.64 GiB | checkpoint saved
2026-09-14 15:34:22,944 | Sampling: refreshing importance table (seed=4200006, cutoff=17070833)
2026-09-14 15:34:38,380 | Epoch 6/100 | loss=0.15405 selection_AP=0.098704 best=0.098704@6 stale=0/20 lr=0.001 train=13.9s (46743 txn/s) val=1.6s RSS=9.76 GiB | checkpoint saved
2026-09-14 15:34:38,450 | Sampling: refreshing importance table (seed=4200007, cutoff=17070833)
2026-09-14 15:34:53,811 | Epoch 7/100 | loss=0.15358 selection_AP=0.092708 best=0.098704@6 stale=1/20 lr=0.001 train=13.7s (47130 txn/s) val=1.6s RSS=9.84 GiB
2026-09-14 15:34:53,877 | Sampling: refreshing importance table (seed=4200008, cutoff=17070833)
2026-09-14 15:35:09,035 | Epoch 8/100 | loss=0.15163 selection_AP=0.110041 best=0.110041@8 stale=0/20 lr=0.001 train=13.5s (47850 txn/s) val=1.6s RSS=9.89 GiB | checkpoint saved
2026-09-14 15:35:09,125 | Sampling: refreshing importance table (seed=4200009, cutoff=17070833)
2026-09-14 15:35:24,354 | Epoch 9/100 | loss=0.14757 selection_AP=0.067836 best=0.110041@8 stale=1/20 lr=0.001 train=13.6s (47509 txn/s) val=1.6s RSS=9.92 GiB
2026-09-14 15:35:24,422 | Sampling: refreshing importance table (seed=4200010, cutoff=17070833)
2026-09-14 15:35:39,972 | Epoch 10/100 | loss=0.14730 selection_AP=0.071613 best=0.110041@8 stale=2/20 lr=0.001 train=13.9s (46458 txn/s) val=1.6s RSS=9.94 GiB
2026-09-14 15:35:40,039 | Sampling: refreshing importance table (seed=4200011, cutoff=17070833)
2026-09-14 15:35:55,222 | Epoch 11/100 | loss=0.14373 selection_AP=0.065433 best=0.110041@8 stale=3/20 lr=0.001 train=13.5s (47786 txn/s) val=1.6s RSS=9.95 GiB
2026-09-14 15:35:55,289 | Sampling: refreshing importance table (seed=4200012, cutoff=17070833)
2026-09-14 15:36:10,423 | Epoch 12/100 | loss=0.14248 selection_AP=0.079040 best=0.110041@8 stale=4/20 lr=0.001 train=13.5s (47914 txn/s) val=1.6s RSS=9.96 GiB
2026-09-14 15:36:10,490 | Sampling: refreshing importance table (seed=4200013, cutoff=17070833)
2026-09-14 15:36:25,654 | Epoch 13/100 | loss=0.14358 selection_AP=0.052600 best=0.110041@8 stale=5/20 lr=0.001 train=13.5s (47864 txn/s) val=1.6s RSS=9.96 GiB
2026-09-14 15:36:25,721 | Sampling: refreshing importance table (seed=4200014, cutoff=17070833)
2026-09-14 15:36:41,143 | Epoch 14/100 | loss=0.14069 selection_AP=0.090944 best=0.110041@8 stale=6/20 lr=0.0005 train=13.8s (46921 txn/s) val=1.6s RSS=9.97 GiB
2026-09-14 15:36:41,211 | Sampling: refreshing importance table (seed=4200015, cutoff=17070833)
2026-09-14 15:36:56,749 | Epoch 15/100 | loss=0.12607 selection_AP=0.067462 best=0.110041@8 stale=7/20 lr=0.0005 train=13.8s (46751 txn/s) val=1.7s RSS=9.97 GiB
2026-09-14 15:36:56,818 | Sampling: refreshing importance table (seed=4200016, cutoff=17070833)
2026-09-14 15:37:11,937 | Epoch 16/100 | loss=0.12641 selection_AP=0.093792 best=0.110041@8 stale=8/20 lr=0.0005 train=13.5s (47943 txn/s) val=1.6s RSS=9.97 GiB
2026-09-14 15:37:12,004 | Sampling: refreshing importance table (seed=4200017, cutoff=17070833)
2026-09-14 15:37:27,218 | Epoch 17/100 | loss=0.12066 selection_AP=0.075742 best=0.110041@8 stale=9/20 lr=0.0005 train=13.6s (47648 txn/s) val=1.6s RSS=9.97 GiB
2026-09-14 15:37:27,286 | Sampling: refreshing importance table (seed=4200018, cutoff=17070833)
2026-09-14 15:37:42,735 | Epoch 18/100 | loss=0.12151 selection_AP=0.087095 best=0.110041@8 stale=10/20 lr=0.0005 train=13.8s (46987 txn/s) val=1.7s RSS=9.97 GiB
2026-09-14 15:37:42,803 | Sampling: refreshing importance table (seed=4200019, cutoff=17070833)
2026-09-14 15:37:58,534 | Epoch 19/100 | loss=0.11960 selection_AP=0.071555 best=0.110041@8 stale=11/20 lr=0.0005 train=14.1s (45928 txn/s) val=1.6s RSS=9.97 GiB
2026-09-14 15:37:58,606 | Sampling: refreshing importance table (seed=4200020, cutoff=17070833)
2026-09-14 15:38:14,047 | Epoch 20/100 | loss=0.11776 selection_AP=0.071790 best=0.110041@8 stale=12/20 lr=0.00025 train=13.8s (46878 txn/s) val=1.6s RSS=9.97 GiB
2026-09-14 15:38:14,114 | Sampling: refreshing importance table (seed=4200021, cutoff=17070833)
2026-09-14 15:38:29,267 | Epoch 21/100 | loss=0.11309 selection_AP=0.068521 best=0.110041@8 stale=13/20 lr=0.00025 train=13.5s (47879 txn/s) val=1.6s RSS=9.97 GiB
2026-09-14 15:38:29,335 | Sampling: refreshing importance table (seed=4200022, cutoff=17070833)
2026-09-14 15:38:44,585 | Epoch 22/100 | loss=0.11009 selection_AP=0.084001 best=0.110041@8 stale=14/20 lr=0.00025 train=13.6s (47489 txn/s) val=1.6s RSS=9.97 GiB
2026-09-14 15:38:44,652 | Sampling: refreshing importance table (seed=4200023, cutoff=17070833)
2026-09-14 15:39:00,387 | Epoch 23/100 | loss=0.10915 selection_AP=0.072010 best=0.110041@8 stale=15/20 lr=0.00025 train=14.1s (45907 txn/s) val=1.6s RSS=9.97 GiB
2026-09-14 15:39:00,455 | Sampling: refreshing importance table (seed=4200024, cutoff=17070833)
2026-09-14 15:39:16,073 | Epoch 24/100 | loss=0.10740 selection_AP=0.079362 best=0.110041@8 stale=16/20 lr=0.00025 train=14.0s (46320 txn/s) val=1.6s RSS=9.97 GiB
2026-09-14 15:39:16,141 | Sampling: refreshing importance table (seed=4200025, cutoff=17070833)
2026-09-14 15:39:31,281 | Epoch 25/100 | loss=0.10613 selection_AP=0.077223 best=0.110041@8 stale=17/20 lr=0.00025 train=13.5s (47891 txn/s) val=1.6s RSS=9.97 GiB
2026-09-14 15:39:31,350 | Sampling: refreshing importance table (seed=4200026, cutoff=17070833)
2026-09-14 15:39:46,373 | Epoch 26/100 | loss=0.10584 selection_AP=0.074814 best=0.110041@8 stale=18/20 lr=0.00013 train=13.4s (48295 txn/s) val=1.6s RSS=9.97 GiB
2026-09-14 15:39:46,441 | Sampling: refreshing importance table (seed=4200027, cutoff=17070833)
2026-09-14 15:40:01,463 | Epoch 27/100 | loss=0.09923 selection_AP=0.077202 best=0.110041@8 stale=19/20 lr=0.00013 train=13.4s (48337 txn/s) val=1.6s RSS=9.97 GiB
2026-09-14 15:40:01,532 | Sampling: refreshing importance table (seed=4200028, cutoff=17070833)
2026-09-14 15:40:16,965 | Epoch 28/100 | loss=0.09804 selection_AP=0.068793 best=0.110041@8 stale=20/20 lr=0.00013 train=13.8s (46861 txn/s) val=1.6s RSS=9.97 GiB
2026-09-14 15:40:16,965 | EARLY STOPPING: epoch=28 stale=20/20 best=0.110041@8
2026-09-14 15:40:16,967 | Training finished: early_stopping; best checkpoint epoch=8 AP=0.110041
2026-09-14 15:40:20,446 | Calibration complete: policy=fpr_0_001 threshold=0.95699942
2026-09-14 15:40:21,957 | Assessment: 3,658,033 transactions; checkpoint and threshold locked
2026-09-14 15:41:07,655 | Assessment: AP=0.1432709115493529 precision=0.1981637337413925 recall=0.23259991019308487 F1=0.21400537079115886 TP=1036 FP=4192 FN=3418 TN=3649387
2026-09-14 15:41:07,658 | Complete: D:\Hendika\TA-KlasifikasiTransaksiKKredit-NeighborSampling-GraphSAGE\result\exp14\R0_importance_static_70_15_15_seed42; elapsed=498.6s; RSS=11.86 GiB; peak VRAM=0.0981903076171875 GiB
2026-09-14 15:41:07,697 | Complete: AP selection=0.110041; output=D:\Hendika\TA-KlasifikasiTransaksiKKredit-NeighborSampling-GraphSAGE\result\exp14
2026-09-14 15:41:07,719 | Summary updated: D:\Hendika\TA-KlasifikasiTransaksiKKredit-NeighborSampling-GraphSAGE\result\exp14\summary.json
